// Jest Snapshot v1, https://goo.gl/fbAQLP

exports[`🧪 CONTACT FORM: style tests: should render with correct styles 1`] = `
.emotion-0 {
  text-align: left;
  width: 60%;
  margin: 0 auto;
  color: var(--color-grey);
}

.emotion-0 input[type='text'],
.emotion-0 input[type='email'],
.emotion-0 textarea {
  width: 100%;
  padding: 8px;
  border-radius: 3px;
  border: 1px solid #ccc;
  background-color: var(--color-white);
}

.emotion-0 input[type='text']::-webkit-input-placeholder {
  text-transform: capitalize;
  opacity: 0.7;
}

.emotion-0 input[type='text']::-moz-placeholder {
  text-transform: capitalize;
  opacity: 0.7;
}

.emotion-0 input[type='text']:-ms-input-placeholder {
  text-transform: capitalize;
  opacity: 0.7;
}

.emotion-0 input[type='email']::-webkit-input-placeholder {
  text-transform: capitalize;
  opacity: 0.7;
}

.emotion-0 input[type='email']::-moz-placeholder {
  text-transform: capitalize;
  opacity: 0.7;
}

.emotion-0 input[type='email']:-ms-input-placeholder {
  text-transform: capitalize;
  opacity: 0.7;
}

.emotion-0 textarea::-webkit-input-placeholder {
  text-transform: capitalize;
  opacity: 0.7;
}

.emotion-0 textarea::-moz-placeholder {
  text-transform: capitalize;
  opacity: 0.7;
}

.emotion-0 textarea:-ms-input-placeholder {
  text-transform: capitalize;
  opacity: 0.7;
}

.emotion-0 input[type='text']::placeholder,
.emotion-0 input[type='email']::placeholder,
.emotion-0 textarea::placeholder {
  text-transform: capitalize;
  opacity: 0.7;
}

.emotion-0 textarea {
  height: 100px;
  resize: none;
}

.emotion-0 input[type='checkbox'] {
  margin: 10px 5px 10px 0;
}

.emotion-0 label {
  -webkit-user-select: none;
  -moz-user-select: none;
  -ms-user-select: none;
  user-select: none;
}

.emotion-1 {
  display: inline-block;
}

.emotion-1 a,
.emotion-1 input[type='submit'] {
  cursor: pointer;
  -webkit-text-decoration: none;
  text-decoration: none;
  text-transform: capitalize;
  padding: 10px 30px;
  border-radius: 200px;
  font-weight: 500;
  outline: none;
  -webkit-transition: background-color 500ms;
  transition: background-color 500ms;
  border: 2px solid var(--color-primary);
  background-color: var(--color-primary);
  color: var(--color-white);
}

.emotion-1 a:hover,
.emotion-1 input[type='submit']:hover,
.emotion-1 a:active,
.emotion-1 input[type='submit']:active {
  background-color: var(--color-dark-primary);
}

<form
  className="emotion-0"
  data-testid="form"
  noValidate={true}
  onSubmit={[Function]}
>
  <div
    className="row"
  >
    <div
      className="col span_1_of_3"
    >
      <label
        htmlFor="name"
      >
        Name
      </label>
    </div>
    <div
      className="col span_2_of_3"
    >
      <input
        id="name"
        name="name"
        onBlur={[Function]}
        onChange={[Function]}
        placeholder="your name"
        type="text"
      />
    </div>
  </div>
  <div
    className="row"
  >
    <div
      className="col span_1_of_3"
    >
      <label
        htmlFor="email"
      >
        Email
      </label>
    </div>
    <div
      className="col span_2_of_3"
    >
      <input
        id="email"
        name="email"
        onBlur={[Function]}
        onChange={[Function]}
        placeholder="your email"
        type="email"
      />
    </div>
  </div>
  <div
    className="row"
  >
    <div
      className="col span_1_of_3"
    >
      <label
        htmlFor="newsletter"
      >
        Newsletter?
      </label>
    </div>
    <div
      className="col span_2_of_3"
    >
      <input
        defaultChecked={true}
        id="newsletter"
        name="newsletter"
        onBlur={[Function]}
        onChange={[Function]}
        type="checkbox"
      />
      Yes, Please
    </div>
  </div>
  <div
    className="row"
  >
    <div
      className="col span_1_of_3"
    >
      <label
        htmlFor="message"
      >
        Drop us a line
      </label>
    </div>
    <div
      className="col span_2_of_3"
    >
      <textarea
        id="message"
        name="message"
        onBlur={[Function]}
        onChange={[Function]}
        placeholder="your message"
      />
    </div>
  </div>
  <div
    className="row"
  >
    <div
      className="col span_1_of_3"
    />
    <div
      className="col span_2_of_3"
    >
      <span
        className="emotion-1"
      >
        <input
          type="submit"
          value="Send it!"
        />
      </span>
    </div>
  </div>
  <div
    onMouseEnter={[Function]}
    onMouseLeave={[Function]}
    style={
      {
        "bottom": 16,
        "left": 16,
        "pointerEvents": "none",
        "position": "fixed",
        "right": 16,
        "top": 16,
        "zIndex": 9999,
      }
    }
  >
    <div
      className="go4109123758"
      style={
        {
          "display": "flex",
          "justifyContent": "center",
          "left": 0,
          "position": "absolute",
          "right": 0,
          "top": 0,
          "transform": "translateY(0px)",
          "transition": "all 230ms cubic-bezier(.21,1.02,.73,1)",
        }
      }
    >
      <div
        className="go2072408551"
        style={
          {
            "opacity": 0,
          }
        }
      >
        <svg
          aria-hidden="true"
          className="svg-inline--fa fa-circle-check fa-2x "
          data-icon="circle-check"
          data-prefix="fas"
          focusable="false"
          role="img"
          style={{}}
          viewBox="0 0 512 512"
          xmlns="http://www.w3.org/2000/svg"
        >
          <path
            d="M256 512c141.4 0 256-114.6 256-256S397.4 0 256 0S0 114.6 0 256S114.6 512 256 512zM369 209L241 337c-9.4 9.4-24.6 9.4-33.9 0l-64-64c-9.4-9.4-9.4-24.6 0-33.9s24.6-9.4 33.9 0l47 47L335 175c9.4-9.4 24.6-9.4 33.9 0s9.4 24.6 0 33.9z"
            fill="currentColor"
            style={{}}
          />
        </svg>
        <div
          aria-live="off"
          className="go3958317564"
          role="alert"
        >
          {
  "name": "John Doe",
  "email": "test@example.com",
  "newsletter": true,
  "message": "test message"
}
        </div>
      </div>
    </div>
  </div>
</form>
`;
