// Jest Snapshot v1, https://goo.gl/fbAQLP

exports[`🧪 TESTIMONIAL: style tests: should render with correct styles 1`] = `
.emotion-0 {
  text-align: left;
  margin-bottom: 50px;
}

@media only screen and (max-width: 480px) {
  .emotion-0 {
    margin-bottom: 5px;
  }
}

.emotion-0 blockquote {
  padding: 2%;
  font-style: italic;
  line-height: 145%;
  position: relative;
  margin-top: 40px;
}

.emotion-0 blockquote::before {
  content: '\\201C';
  display: block;
  font-size: 500%;
  position: absolute;
  left: -5px;
  top: -5px;
}

.emotion-0 blockquote::first-letter {
  text-transform: capitalize;
}

.emotion-0 cite {
  display: block;
  margin-top: 25px;
  font-size: 90%;
  text-transform: capitalize;
}

.emotion-0 img {
  border-radius: 50%;
  height: 20%;
  vertical-align: middle;
  margin-right: 10px;
}

<article
  aria-labelledby="c2f0fc36-aad3-4e98-9ff8-61a30257d41c"
  className="emotion-0"
>
  <blockquote>
    Voluptates hic pariatur reiciendis minus vel labore dolorum.
  </blockquote>
  <cite>
    <img
      alt="Herman Gibson"
      data-nimg="1"
      decoding="async"
      height={72}
      id="c2f0fc36-aad3-4e98-9ff8-61a30257d41c"
      loading="lazy"
      onError={[Function]}
      onLoad={[Function]}
      src="/_next/image?url=%2Fimg%2Fclient-1.jpg&w=256&q=75"
      srcSet="/_next/image?url=%2Fimg%2Fclient-1.jpg&w=96&q=75 1x, /_next/image?url=%2Fimg%2Fclient-1.jpg&w=256&q=75 2x"
      style={
        {
          "color": "transparent",
        }
      }
      width={72}
    />
    Herman Gibson
  </cite>
</article>
`;
