// Jest Snapshot v1, https://goo.gl/fbAQLP

exports[`🧪 TESTIMONIALS: style tests: should render with correct styles 1`] = `
.emotion-0 {
  background-image: linear-gradient(var(--color-overlay3), var(--color-overlay4)),url('/img/testimonial-bg.jpg');
  -webkit-background-size: cover;
  background-size: cover;
  background-attachment: fixed;
  text-align: center;
  color: var(--color-white);
}

.emotion-0 h2 {
  font-size: 250%;
  margin-bottom: 20px;
  margin-top: 150px;
  text-transform: capitalize;
}

@media only screen and (max-width: 1200px) {
  .emotion-0 h2 {
    margin-top: 90px;
  }
}

@media only screen and (max-width: 767px) {
  .emotion-0 h2 {
    margin-top: 60px;
    margin-bottom: 10px;
  }
}

.emotion-1 {
  text-align: left;
  margin-bottom: 50px;
}

.emotion-1 blockquote {
  padding: 2%;
  font-style: italic;
  line-height: 145%;
  position: relative;
  margin-top: 40px;
}

.emotion-1 blockquote::before {
  content: '\\201C';
  display: block;
  font-size: 500%;
  position: absolute;
  left: -5px;
  top: -5px;
}

.emotion-1 blockquote::first-letter {
  text-transform: capitalize;
}

.emotion-1 cite {
  display: block;
  margin-top: 25px;
  font-size: 90%;
  text-transform: capitalize;
}

.emotion-1 img {
  border-radius: 50%;
  height: 20%;
  vertical-align: middle;
  margin-right: 10px;
}

<section
  aria-labelledby=":r0:"
  className="emotion-0"
>
  <div
    className="row"
    role="presentation"
  >
    <h2
      id=":r0:"
    >
      Our testimonials
    </h2>
  </div>
  <div
    className="row"
    role="presentation"
  >
    <div
      className="col span_1_of_3"
      role="presentation"
    >
      <article
        aria-labelledby=":r1:"
        className="emotion-1"
      >
        <blockquote>
          lorem ipsum dolor, sit amet consectetur adipisicing elit. At, praesentium.
        </blockquote>
        <cite>
          <img
            alt="Aaron Cruz"
            data-nimg="1"
            decoding="async"
            height={72}
            id=":r1:"
            loading="lazy"
            onError={[Function]}
            onLoad={[Function]}
            src="/_next/image?url=%2Fimg%2Fclient-1.jpg&w=256&q=75"
            srcSet="/_next/image?url=%2Fimg%2Fclient-1.jpg&w=96&q=75 1x, /_next/image?url=%2Fimg%2Fclient-1.jpg&w=256&q=75 2x"
            style={
              {
                "color": "transparent",
              }
            }
            width={72}
          />
          Aaron Cruz
        </cite>
      </article>
    </div>
    <div
      className="col span_1_of_3"
      role="presentation"
    >
      <article
        aria-labelledby=":r2:"
        className="emotion-1"
      >
        <blockquote>
          lorem ipsum dolor, sit amet consectetur adipisicing elit. At, praesentium.
        </blockquote>
        <cite>
          <img
            alt="Jeff Jones"
            data-nimg="1"
            decoding="async"
            height={72}
            id=":r2:"
            loading="lazy"
            onError={[Function]}
            onLoad={[Function]}
            src="/_next/image?url=%2Fimg%2Fclient-2.jpg&w=256&q=75"
            srcSet="/_next/image?url=%2Fimg%2Fclient-2.jpg&w=96&q=75 1x, /_next/image?url=%2Fimg%2Fclient-2.jpg&w=256&q=75 2x"
            style={
              {
                "color": "transparent",
              }
            }
            width={72}
          />
          Jeff Jones
        </cite>
      </article>
    </div>
    <div
      className="col span_1_of_3"
      role="presentation"
    >
      <article
        aria-labelledby=":r3:"
        className="emotion-1"
      >
        <blockquote>
          lorem ipsum dolor, sit amet consectetur adipisicing elit. At, praesentium.
        </blockquote>
        <cite>
          <img
            alt="Helen Smith"
            data-nimg="1"
            decoding="async"
            height={72}
            id=":r3:"
            loading="lazy"
            onError={[Function]}
            onLoad={[Function]}
            src="/_next/image?url=%2Fimg%2Fclient-3.jpg&w=256&q=75"
            srcSet="/_next/image?url=%2Fimg%2Fclient-3.jpg&w=96&q=75 1x, /_next/image?url=%2Fimg%2Fclient-3.jpg&w=256&q=75 2x"
            style={
              {
                "color": "transparent",
              }
            }
            width={72}
          />
          Helen Smith
        </cite>
      </article>
    </div>
  </div>
</section>
`;
