// Jest Snapshot v1, https://goo.gl/fbAQLP

exports[`🧪 CONTACT: style tests: should render with correct styles 1`] = `
.emotion-0 {
  text-align: center;
}

.emotion-0 .contact__heading {
  color: var(--color-black);
  margin-top: 150px;
  margin-bottom: 50px;
}

.emotion-1 {
  text-align: left;
  width: 60%;
  margin: 0 auto;
  color: var(--color-grey);
}

.emotion-1 .contact__form--label {
  -webkit-user-select: none;
  -moz-user-select: none;
  -ms-user-select: none;
  user-select: none;
}

.emotion-1 .contact__form--control {
  width: 100%;
  padding: 8px;
  border-radius: 3px;
  border: 1px solid #ccc;
  background-color: var(--color-white);
}

.emotion-1 .contact__form--control::-webkit-input-placeholder {
  text-transform: capitalize;
  opacity: 0.7;
}

.emotion-1 .contact__form--control::-moz-placeholder {
  text-transform: capitalize;
  opacity: 0.7;
}

.emotion-1 .contact__form--control:-ms-input-placeholder {
  text-transform: capitalize;
  opacity: 0.7;
}

.emotion-1 .contact__form--control::placeholder {
  text-transform: capitalize;
  opacity: 0.7;
}

.emotion-1 .contact__form--control:is(textarea) {
  height: 100px;
  resize: none;
}

.emotion-1 .contact__form--checkbox {
  margin: 10px 5px 10px 0;
}

.emotion-1 .contact__form--toast {
  text-align: center;
  color: var(--color-primary);
  background-color: var(--color-light);
}

.emotion-1 .contact__form--icon {
  color: var(--color-secondary);
}

.emotion-2 {
  display: inline-block;
}

.emotion-2 .btn {
  cursor: pointer;
  -webkit-user-select: none;
  -moz-user-select: none;
  -ms-user-select: none;
  user-select: none;
  -webkit-text-decoration: none;
  text-decoration: none;
  text-transform: capitalize;
  padding: 10px 30px;
  border-radius: 200px;
  font-weight: 500;
  outline: none;
  -webkit-transition: background-color 500ms;
  transition: background-color 500ms;
  border: 2px solid var(--color-primary);
  background-color: var(--color-primary);
  color: var(--color-white);
}

.emotion-2 .btn:hover,
.emotion-2 .btn:active {
  background-color: var(--color-dark-primary);
}

<section
  aria-labelledby=":r0:"
  className="emotion-0"
>
  <div
    className="row"
    role="presentation"
  >
    <h2
      className="contact__heading"
      id=":r0:"
    >
      We are happy to hear from you
    </h2>
  </div>
  <div
    className="row"
    role="presentation"
  >
    <form
      aria-label="Send a message"
      className="emotion-1"
      noValidate={true}
      onSubmit={[Function]}
    >
      <div
        className="row"
        role="presentation"
      >
        <div
          className="col span_1_of_3"
          role="presentation"
        >
          <label
            className="contact__form--label"
            htmlFor="name"
          >
            Name
          </label>
        </div>
        <div
          className="col span_2_of_3"
          role="presentation"
        >
          <input
            autoCorrect="off"
            className="contact__form--control"
            id="name"
            name="name"
            onBlur={[Function]}
            onChange={[Function]}
            placeholder="your name"
            spellCheck={false}
            type="text"
          />
        </div>
      </div>
      <div
        className="row"
        role="presentation"
      >
        <div
          className="col span_1_of_3"
          role="presentation"
        >
          <label
            className="contact__form--label"
            htmlFor="email"
          >
            Email
          </label>
        </div>
        <div
          className="col span_2_of_3"
          role="presentation"
        >
          <input
            className="contact__form--control"
            id="email"
            name="email"
            onBlur={[Function]}
            onChange={[Function]}
            placeholder="your email"
            type="email"
          />
        </div>
      </div>
      <div
        className="row"
        role="presentation"
      >
        <div
          className="col span_1_of_3"
          role="presentation"
        >
          <label
            className="contact__form--label"
            htmlFor="newsletter"
          >
            Newsletter?
          </label>
        </div>
        <div
          className="col span_2_of_3"
          role="presentation"
        >
          <input
            className="contact__form--checkbox"
            defaultChecked={true}
            id="newsletter"
            name="newsletter"
            onBlur={[Function]}
            onChange={[Function]}
            type="checkbox"
          />
          Yes, Please
        </div>
      </div>
      <div
        className="row"
        role="presentation"
      >
        <div
          className="col span_1_of_3"
          role="presentation"
        >
          <label
            className="contact__form--label"
            htmlFor="message"
          >
            Drop us a line
          </label>
        </div>
        <div
          className="col span_2_of_3"
          role="presentation"
        >
          <textarea
            className="contact__form--control"
            id="message"
            name="message"
            onBlur={[Function]}
            onChange={[Function]}
            placeholder="your message"
          />
        </div>
      </div>
      <div
        className="row"
        role="presentation"
      >
        <div
          className="col span_1_of_3"
          role="presentation"
        >
           
        </div>
        <div
          className="col span_2_of_3"
          role="presentation"
        >
          <span
            className="emotion-2"
          >
            <input
              className="btn"
              type="submit"
              value="Send it!"
            />
          </span>
        </div>
      </div>
      <div
        onMouseEnter={[Function]}
        onMouseLeave={[Function]}
        style={
          {
            "bottom": 16,
            "left": 16,
            "pointerEvents": "none",
            "position": "fixed",
            "right": 16,
            "top": 16,
            "zIndex": 9999,
          }
        }
      />
    </form>
  </div>
</section>
`;
