// Jest Snapshot v1, https://goo.gl/fbAQLP

exports[`🧪 ABOUT: style tests: should render with correct styles 1`] = `
.emotion-0 {
  margin-top: 150px;
  padding-bottom: 20px;
  opacity: 0.1;
}

.emotion-0 .animate__fadeIn {
  opacity: 1;
}

@media only screen and (max-width: 1024px) {
  .emotion-0 {
    margin-top: 60px;
  }
}

.emotion-0 h2 {
  color: var(--color-black);
  text-transform: capitalize;
  font-size: 250%;
  font-weight: 500;
  margin-bottom: 50px;
}

@media only screen and (max-width: 1024px) {
  .emotion-0 h2 {
    margin-bottom: 35px;
  }
}

@media only screen and (max-width: 768px) {
  .emotion-0 h2 {
    margin-bottom: 20px;
  }
}

.emotion-0 p {
  color: var(--color-grey);
  margin-bottom: 50px;
}

@media only screen and (max-width: 1200px) {
  .emotion-0 p:first-of-type {
    margin-bottom: 20px;
  }
}

@media only screen and (max-width: 768px) {
  .emotion-0 p:last-of-type {
    margin-bottom: 30px;
  }
}

.emotion-0 img {
  width: 80%;
  height: auto;
}

@media only screen and (max-width: 480px) {
  .emotion-0 img {
    margin: 30px auto;
  }
}

.emotion-0 .about_col:first-of-type {
  text-align: left;
}

@media only screen and (max-width: 1024px) {
  .emotion-0 .about_col:first-of-type {
    padding-left: 1%;
  }
}

@media only screen and (max-width: 480px) {
  .emotion-0 .about_col:first-of-type {
    text-align: center;
    padding: 0;
  }
}

.emotion-0 .about_col:last-of-type {
  text-align: right;
}

@media only screen and (max-width: 1024px) {
  .emotion-0 .about_col:last-of-type {
    margin-left: 0;
    text-align: center;
  }
}

.emotion-1 {
  display: inline-block;
}

.emotion-1 input[type='submit'],
.emotion-1 a {
  cursor: pointer;
  -webkit-text-decoration: none;
  text-decoration: none;
  text-transform: capitalize;
  padding: 10px 30px;
  border-radius: 200px;
  font-weight: 500;
  outline: none;
  -webkit-transition: background-color 500ms;
  transition: background-color 500ms;
  border: 2px solid var(--color-primary);
  background-color: transparent;
  color: var(--color-primary);
}

.emotion-1 input[type='submit']:hover,
.emotion-1 a:hover,
.emotion-1 input[type='submit']:active,
.emotion-1 a:active {
  background-color: var(--color-primary);
  color: var(--color-white);
}

<section
  aria-labelledby=":r0:"
  className="animate__animated animate__fast emotion-0"
  id="about"
>
  <div
    className="row "
    role="presentation"
  >
    <div
      className="col span_1_of_2 about_col"
      role="presentation"
    >
      <h2
        id=":r0:"
      >
        A digital agency focused on growing your online presence
      </h2>
      <p>
        Lorem ipsum dolor sit amet consectetur adipisicing elit. Corporis totam molestiae quod vitae deserunt. Architecto fugiat veritatis cum necessitatibus sapiente!
      </p>
      <p>
        Lorem ipsum dolor sit amet consectetur adipisicing elit. Corporis totam molestiae quod vitae deserunt. Architecto fugiat veritatis cum necessitatibus sapiente!
      </p>
      <span
        className="emotion-1"
      >
        <a
          href="#"
          onClick={[Function]}
          onMouseEnter={[Function]}
          onTouchStart={[Function]}
          role="button"
        >
          Read more
        </a>
      </span>
    </div>
    <div
      className="col span_1_of_2 about_col"
      role="presentation"
    >
      <img
        alt="Digisolve app on Laptop"
        data-nimg="1"
        decoding="async"
        height={1280}
        loading="lazy"
        onError={[Function]}
        onLoad={[Function]}
        src="/_next/image?url=%2Fimg%2Fabout-img.jpg&w=3840&q=75"
        srcSet="/_next/image?url=%2Fimg%2Fabout-img.jpg&w=1920&q=75 1x, /_next/image?url=%2Fimg%2Fabout-img.jpg&w=3840&q=75 2x"
        style={
          {
            "color": "transparent",
          }
        }
        width={1920}
      />
    </div>
  </div>
</section>
`;
