// Jest Snapshot v1, https://goo.gl/fbAQLP

exports[`🧪 PARTNER: style tests: should render with correct styles 1`] = `
.emotion-0 .partner__image {
  width: 65%;
  height: auto;
  -webkit-user-select: none;
  -moz-user-select: none;
  -ms-user-select: none;
  user-select: none;
}

<article
  className="emotion-0"
>
  <img
    alt="Brand partner 1"
    className="partner__image"
    data-nimg="1"
    decoding="async"
    height={40}
    loading="lazy"
    onError={[Function]}
    onLoad={[Function]}
    src="/_next/image?url=%2Fimg.jpg&w=96&q=75"
    srcSet="/_next/image?url=%2Fimg.jpg&w=48&q=75 1x, /_next/image?url=%2Fimg.jpg&w=96&q=75 2x"
    style={
      {
        "color": "transparent",
      }
    }
    width={40}
  />
</article>
`;
