// Jest Snapshot v1, https://goo.gl/fbAQLP

exports[`🧪 PARTNERS: style tests: should render with correct styles 1`] = `
.emotion-0 {
  text-align: center;
}

.emotion-1 img {
  width: 65%;
  height: auto;
}

<section
  aria-labelledby=":r0:"
  className="emotion-0"
  id="partners"
>
  <div
    className="row "
    role="presentation"
  >
    <h2
      className="section__heading"
      id=":r0:"
    >
      Featured clients
    </h2>
    <h3
      className="section__subheading"
    >
      We've worked with some of the best companies in the world. Here are some of our Amazing Partners
    </h3>
  </div>
  <div
    className="row "
    role="presentation"
  >
    <div
      className="col span_1_of_4 xs_half"
      role="presentation"
    >
      <article
        aria-labelledby="95db63a1-e70a-48a2-b8d9-a0c7d5c8d950"
        className="emotion-1"
      >
        <img
          alt="Partner"
          data-nimg="1"
          decoding="async"
          height={500}
          id="95db63a1-e70a-48a2-b8d9-a0c7d5c8d950"
          loading="lazy"
          onError={[Function]}
          onLoad={[Function]}
          src="/_next/image?url=%2Fimg%2Fbrand-logo-1.png&w=1080&q=75"
          srcSet="/_next/image?url=%2Fimg%2Fbrand-logo-1.png&w=640&q=75 1x, /_next/image?url=%2Fimg%2Fbrand-logo-1.png&w=1080&q=75 2x"
          style={
            {
              "color": "transparent",
            }
          }
          width={500}
        />
      </article>
    </div>
    <div
      className="col span_1_of_4 xs_half"
      role="presentation"
    >
      <article
        aria-labelledby="dc5df0f2-f44a-4ab5-b416-f221a4752abd"
        className="emotion-1"
      >
        <img
          alt="Partner"
          data-nimg="1"
          decoding="async"
          height={500}
          id="dc5df0f2-f44a-4ab5-b416-f221a4752abd"
          loading="lazy"
          onError={[Function]}
          onLoad={[Function]}
          src="/_next/image?url=%2Fimg%2Fbrand-logo-2.png&w=1080&q=75"
          srcSet="/_next/image?url=%2Fimg%2Fbrand-logo-2.png&w=640&q=75 1x, /_next/image?url=%2Fimg%2Fbrand-logo-2.png&w=1080&q=75 2x"
          style={
            {
              "color": "transparent",
            }
          }
          width={500}
        />
      </article>
    </div>
    <div
      className="col span_1_of_4 xs_half"
      role="presentation"
    >
      <article
        aria-labelledby="7e2b8f74-438d-4033-9afa-f71287259cf5"
        className="emotion-1"
      >
        <img
          alt="Partner"
          data-nimg="1"
          decoding="async"
          height={500}
          id="7e2b8f74-438d-4033-9afa-f71287259cf5"
          loading="lazy"
          onError={[Function]}
          onLoad={[Function]}
          src="/_next/image?url=%2Fimg%2Fbrand-logo-3.png&w=1080&q=75"
          srcSet="/_next/image?url=%2Fimg%2Fbrand-logo-3.png&w=640&q=75 1x, /_next/image?url=%2Fimg%2Fbrand-logo-3.png&w=1080&q=75 2x"
          style={
            {
              "color": "transparent",
            }
          }
          width={500}
        />
      </article>
    </div>
    <div
      className="col span_1_of_4 xs_half"
      role="presentation"
    >
      <article
        aria-labelledby="64f59621-150c-4bf1-bdf0-aefd1aaee5a1"
        className="emotion-1"
      >
        <img
          alt="Partner"
          data-nimg="1"
          decoding="async"
          height={500}
          id="64f59621-150c-4bf1-bdf0-aefd1aaee5a1"
          loading="lazy"
          onError={[Function]}
          onLoad={[Function]}
          src="/_next/image?url=%2Fimg%2Fbrand-logo-4.png&w=1080&q=75"
          srcSet="/_next/image?url=%2Fimg%2Fbrand-logo-4.png&w=640&q=75 1x, /_next/image?url=%2Fimg%2Fbrand-logo-4.png&w=1080&q=75 2x"
          style={
            {
              "color": "transparent",
            }
          }
          width={500}
        />
      </article>
    </div>
  </div>
  <div
    className="row "
    role="presentation"
  >
    <div
      className="col span_1_of_4 xs_half"
      role="presentation"
    >
      <article
        aria-labelledby="21eb5d41-652a-40b6-9aff-ce957e47d3b7"
        className="emotion-1"
      >
        <img
          alt="Partner"
          data-nimg="1"
          decoding="async"
          height={500}
          id="21eb5d41-652a-40b6-9aff-ce957e47d3b7"
          loading="lazy"
          onError={[Function]}
          onLoad={[Function]}
          src="/_next/image?url=%2Fimg%2Fbrand-logo-5.png&w=1080&q=75"
          srcSet="/_next/image?url=%2Fimg%2Fbrand-logo-5.png&w=640&q=75 1x, /_next/image?url=%2Fimg%2Fbrand-logo-5.png&w=1080&q=75 2x"
          style={
            {
              "color": "transparent",
            }
          }
          width={500}
        />
      </article>
    </div>
    <div
      className="col span_1_of_4 xs_half"
      role="presentation"
    >
      <article
        aria-labelledby="52c3f40b-c1b5-4b0e-8677-6c3c2cc2a382"
        className="emotion-1"
      >
        <img
          alt="Partner"
          data-nimg="1"
          decoding="async"
          height={500}
          id="52c3f40b-c1b5-4b0e-8677-6c3c2cc2a382"
          loading="lazy"
          onError={[Function]}
          onLoad={[Function]}
          src="/_next/image?url=%2Fimg%2Fbrand-logo-6.png&w=1080&q=75"
          srcSet="/_next/image?url=%2Fimg%2Fbrand-logo-6.png&w=640&q=75 1x, /_next/image?url=%2Fimg%2Fbrand-logo-6.png&w=1080&q=75 2x"
          style={
            {
              "color": "transparent",
            }
          }
          width={500}
        />
      </article>
    </div>
    <div
      className="col span_1_of_4 xs_half"
      role="presentation"
    >
      <article
        aria-labelledby="6e6b1219-8094-4f57-8320-9f1a020c7a09"
        className="emotion-1"
      >
        <img
          alt="Partner"
          data-nimg="1"
          decoding="async"
          height={500}
          id="6e6b1219-8094-4f57-8320-9f1a020c7a09"
          loading="lazy"
          onError={[Function]}
          onLoad={[Function]}
          src="/_next/image?url=%2Fimg%2Fbrand-logo-7.png&w=1080&q=75"
          srcSet="/_next/image?url=%2Fimg%2Fbrand-logo-7.png&w=640&q=75 1x, /_next/image?url=%2Fimg%2Fbrand-logo-7.png&w=1080&q=75 2x"
          style={
            {
              "color": "transparent",
            }
          }
          width={500}
        />
      </article>
    </div>
    <div
      className="col span_1_of_4 xs_half"
      role="presentation"
    >
      <article
        aria-labelledby="0929dcc8-956b-479c-a31f-eb798e97ec6a"
        className="emotion-1"
      >
        <img
          alt="Partner"
          data-nimg="1"
          decoding="async"
          height={500}
          id="0929dcc8-956b-479c-a31f-eb798e97ec6a"
          loading="lazy"
          onError={[Function]}
          onLoad={[Function]}
          src="/_next/image?url=%2Fimg%2Fbrand-logo-8.png&w=1080&q=75"
          srcSet="/_next/image?url=%2Fimg%2Fbrand-logo-8.png&w=640&q=75 1x, /_next/image?url=%2Fimg%2Fbrand-logo-8.png&w=1080&q=75 2x"
          style={
            {
              "color": "transparent",
            }
          }
          width={500}
        />
      </article>
    </div>
  </div>
</section>
`;
