// Jest Snapshot v1, https://goo.gl/fbAQLP

exports[`🧪 <Partners /> test cases: style tests: should render with correct styles 1`] = `
.emotion-0 {
  text-align: center;
}

.emotion-1 img {
  width: 65%;
  height: auto;
}

<section
  className="emotion-0"
>
  <div
    className="row"
  >
    <h2
      className="section_heading"
    >
      Featured Clients
    </h2>
    <h3
      className="section_subheading"
    >
      We've worked with some of the best companies in the world. Here are some of our Amazing Partners
    </h3>
  </div>
  <div
    className="row"
  >
    <div
      className="col span_1_of_4 emotion-1"
    >
      <img
        alt="Brand Logo 1"
        data-nimg="1"
        decoding="async"
        height={40}
        loading="lazy"
        onError={[Function]}
        onLoad={[Function]}
        src="/_next/image?url=%2Fimg.jpg&w=96&q=75"
        srcSet="/_next/image?url=%2Fimg.jpg&w=48&q=75 1x, /_next/image?url=%2Fimg.jpg&w=96&q=75 2x"
        style={
          {
            "color": "transparent",
          }
        }
        width={40}
      />
    </div>
    <div
      className="col span_1_of_4 emotion-1"
    >
      <img
        alt="Brand Logo 2"
        data-nimg="1"
        decoding="async"
        height={40}
        loading="lazy"
        onError={[Function]}
        onLoad={[Function]}
        src="/_next/image?url=%2Fimg.jpg&w=96&q=75"
        srcSet="/_next/image?url=%2Fimg.jpg&w=48&q=75 1x, /_next/image?url=%2Fimg.jpg&w=96&q=75 2x"
        style={
          {
            "color": "transparent",
          }
        }
        width={40}
      />
    </div>
    <div
      className="col span_1_of_4 emotion-1"
    >
      <img
        alt="Brand Logo 3"
        data-nimg="1"
        decoding="async"
        height={40}
        loading="lazy"
        onError={[Function]}
        onLoad={[Function]}
        src="/_next/image?url=%2Fimg.jpg&w=96&q=75"
        srcSet="/_next/image?url=%2Fimg.jpg&w=48&q=75 1x, /_next/image?url=%2Fimg.jpg&w=96&q=75 2x"
        style={
          {
            "color": "transparent",
          }
        }
        width={40}
      />
    </div>
    <div
      className="col span_1_of_4 emotion-1"
    >
      <img
        alt="Brand Logo 4"
        data-nimg="1"
        decoding="async"
        height={40}
        loading="lazy"
        onError={[Function]}
        onLoad={[Function]}
        src="/_next/image?url=%2Fimg.jpg&w=96&q=75"
        srcSet="/_next/image?url=%2Fimg.jpg&w=48&q=75 1x, /_next/image?url=%2Fimg.jpg&w=96&q=75 2x"
        style={
          {
            "color": "transparent",
          }
        }
        width={40}
      />
    </div>
  </div>
  <div
    className="row"
  >
    <div
      className="col span_1_of_4 emotion-1"
    >
      <img
        alt="Brand Logo 5"
        data-nimg="1"
        decoding="async"
        height={40}
        loading="lazy"
        onError={[Function]}
        onLoad={[Function]}
        src="/_next/image?url=%2Fimg.jpg&w=96&q=75"
        srcSet="/_next/image?url=%2Fimg.jpg&w=48&q=75 1x, /_next/image?url=%2Fimg.jpg&w=96&q=75 2x"
        style={
          {
            "color": "transparent",
          }
        }
        width={40}
      />
    </div>
    <div
      className="col span_1_of_4 emotion-1"
    >
      <img
        alt="Brand Logo 6"
        data-nimg="1"
        decoding="async"
        height={40}
        loading="lazy"
        onError={[Function]}
        onLoad={[Function]}
        src="/_next/image?url=%2Fimg.jpg&w=96&q=75"
        srcSet="/_next/image?url=%2Fimg.jpg&w=48&q=75 1x, /_next/image?url=%2Fimg.jpg&w=96&q=75 2x"
        style={
          {
            "color": "transparent",
          }
        }
        width={40}
      />
    </div>
    <div
      className="col span_1_of_4 emotion-1"
    >
      <img
        alt="Brand Logo 7"
        data-nimg="1"
        decoding="async"
        height={40}
        loading="lazy"
        onError={[Function]}
        onLoad={[Function]}
        src="/_next/image?url=%2Fimg.jpg&w=96&q=75"
        srcSet="/_next/image?url=%2Fimg.jpg&w=48&q=75 1x, /_next/image?url=%2Fimg.jpg&w=96&q=75 2x"
        style={
          {
            "color": "transparent",
          }
        }
        width={40}
      />
    </div>
    <div
      className="col span_1_of_4 emotion-1"
    >
      <img
        alt="Brand Logo 8"
        data-nimg="1"
        decoding="async"
        height={40}
        loading="lazy"
        onError={[Function]}
        onLoad={[Function]}
        src="/_next/image?url=%2Fimg.jpg&w=96&q=75"
        srcSet="/_next/image?url=%2Fimg.jpg&w=48&q=75 1x, /_next/image?url=%2Fimg.jpg&w=96&q=75 2x"
        style={
          {
            "color": "transparent",
          }
        }
        width={40}
      />
    </div>
  </div>
</section>
`;
